// Jest Snapshot v1, https://goo.gl/fbAQLP

exports[`maps block post content stays the same 1`] = `"<!-- wp:mapkitjs/map /-->"`;

exports[`maps works 1`] = `"<!-- wp:mapkitjs/map /-->"`;
